// Jest Snapshot v1, https://goo.gl/fbAQLP

exports[`renders the UI as expected 1`] = `
<li
  className="messageLi sentMessage"
>
  <p>
    No messages with this user yet!
  </p>
</li>
`;
