// Jest Snapshot v1, https://goo.gl/fbAQLP

exports[`renders the UI as expected 1`] = `
<li
  className="userListItem"
  onClick={[Function]}
  title="Start a Thread"
>
  <p
    className="neighbor"
  >
    <img
      className="neighborDirectoryAvatar"
    />
     (
    )
  </p>
</li>
`;
